========= COMPUTE-SANITIZER
PASS dtype=0 rows=3 width=1 variant=0 max_abs=5.96046e-08
PASS dtype=0 rows=3 width=1 variant=1 max_abs=5.96046e-08
PASS dtype=0 rows=3 width=1 variant=2 max_abs=5.96046e-08
PASS dtype=1 rows=3 width=1 variant=0 max_abs=0
PASS dtype=1 rows=3 width=1 variant=1 max_abs=0
PASS dtype=1 rows=3 width=1 variant=2 max_abs=0
PASS dtype=0 rows=3 width=7 variant=0 max_abs=1.19209e-07
PASS dtype=0 rows=3 width=7 variant=1 max_abs=1.19209e-07
PASS dtype=0 rows=3 width=7 variant=2 max_abs=1.19209e-07
PASS dtype=1 rows=3 width=7 variant=0 max_abs=0
PASS dtype=1 rows=3 width=7 variant=1 max_abs=0
PASS dtype=1 rows=3 width=7 variant=2 max_abs=0
PASS dtype=0 rows=3 width=31 variant=0 max_abs=1.19209e-07
PASS dtype=0 rows=3 width=31 variant=1 max_abs=1.19209e-07
PASS dtype=0 rows=3 width=31 variant=2 max_abs=1.19209e-07
PASS dtype=1 rows=3 width=31 variant=0 max_abs=0
PASS dtype=1 rows=3 width=31 variant=1 max_abs=0
PASS dtype=1 rows=3 width=31 variant=2 max_abs=0
PASS dtype=0 rows=3 width=32 variant=0 max_abs=1.19209e-07
PASS dtype=0 rows=3 width=32 variant=1 max_abs=1.19209e-07
PASS dtype=0 rows=3 width=32 variant=2 max_abs=1.19209e-07
PASS dtype=1 rows=3 width=32 variant=0 max_abs=0
PASS dtype=1 rows=3 width=32 variant=1 max_abs=0
PASS dtype=1 rows=3 width=32 variant=2 max_abs=0
PASS dtype=0 rows=3 width=33 variant=0 max_abs=1.19209e-07
PASS dtype=0 rows=3 width=33 variant=1 max_abs=1.19209e-07
PASS dtype=0 rows=3 width=33 variant=2 max_abs=1.19209e-07
PASS dtype=1 rows=3 width=33 variant=0 max_abs=0
PASS dtype=1 rows=3 width=33 variant=1 max_abs=0
PASS dtype=1 rows=3 width=33 variant=2 max_abs=0
PASS dtype=0 rows=3 width=127 variant=0 max_abs=1.19209e-07
PASS dtype=0 rows=3 width=127 variant=1 max_abs=1.19209e-07
PASS dtype=0 rows=3 width=127 variant=2 max_abs=1.19209e-07
PASS dtype=1 rows=3 width=127 variant=0 max_abs=0
PASS dtype=1 rows=3 width=127 variant=1 max_abs=0
PASS dtype=1 rows=3 width=127 variant=2 max_abs=0
PASS dtype=0 rows=3 width=128 variant=0 max_abs=1.19209e-07
PASS dtype=0 rows=3 width=128 variant=1 max_abs=1.19209e-07
PASS dtype=0 rows=3 width=128 variant=2 max_abs=1.19209e-07
PASS dtype=1 rows=3 width=128 variant=0 max_abs=0
PASS dtype=1 rows=3 width=128 variant=1 max_abs=0
PASS dtype=1 rows=3 width=128 variant=2 max_abs=0
PASS dtype=0 rows=3 width=129 variant=0 max_abs=1.19209e-07
PASS dtype=0 rows=3 width=129 variant=1 max_abs=1.19209e-07
PASS dtype=0 rows=3 width=129 variant=2 max_abs=1.19209e-07
PASS dtype=1 rows=3 width=129 variant=0 max_abs=0
PASS dtype=1 rows=3 width=129 variant=1 max_abs=0
PASS dtype=1 rows=3 width=129 variant=2 max_abs=0
PASS dtype=0 rows=3 width=255 variant=0 max_abs=1.19209e-07
PASS dtype=0 rows=3 width=255 variant=1 max_abs=1.19209e-07
PASS dtype=0 rows=3 width=255 variant=2 max_abs=1.19209e-07
PASS dtype=1 rows=3 width=255 variant=0 max_abs=0
PASS dtype=1 rows=3 width=255 variant=1 max_abs=0
PASS dtype=1 rows=3 width=255 variant=2 max_abs=0
PASS dtype=0 rows=3 width=256 variant=0 max_abs=1.19209e-07
PASS dtype=0 rows=3 width=256 variant=1 max_abs=1.19209e-07
PASS dtype=0 rows=3 width=256 variant=2 max_abs=1.19209e-07
PASS dtype=1 rows=3 width=256 variant=0 max_abs=0.000976562
PASS dtype=1 rows=3 width=256 variant=1 max_abs=0.000976562
PASS dtype=1 rows=3 width=256 variant=2 max_abs=0.000976562
PASS dtype=0 rows=3 width=257 variant=0 max_abs=1.19209e-07
PASS dtype=0 rows=3 width=257 variant=1 max_abs=1.19209e-07
PASS dtype=0 rows=3 width=257 variant=2 max_abs=1.19209e-07
PASS dtype=1 rows=3 width=257 variant=0 max_abs=0
PASS dtype=1 rows=3 width=257 variant=1 max_abs=0
PASS dtype=1 rows=3 width=257 variant=2 max_abs=0
PASS dtype=0 rows=3 width=1023 variant=0 max_abs=1.19209e-07
PASS dtype=0 rows=3 width=1023 variant=1 max_abs=1.19209e-07
PASS dtype=0 rows=3 width=1023 variant=2 max_abs=1.19209e-07
PASS dtype=1 rows=3 width=1023 variant=0 max_abs=0
PASS dtype=1 rows=3 width=1023 variant=1 max_abs=0
PASS dtype=1 rows=3 width=1023 variant=2 max_abs=0
PASS dtype=0 rows=3 width=1024 variant=0 max_abs=1.19209e-07
PASS dtype=0 rows=3 width=1024 variant=1 max_abs=1.19209e-07
PASS dtype=0 rows=3 width=1024 variant=2 max_abs=1.19209e-07
PASS dtype=1 rows=3 width=1024 variant=0 max_abs=0
PASS dtype=1 rows=3 width=1024 variant=1 max_abs=0
PASS dtype=1 rows=3 width=1024 variant=2 max_abs=0
PASS dtype=0 rows=3 width=1025 variant=0 max_abs=1.19209e-07
PASS dtype=0 rows=3 width=1025 variant=1 max_abs=1.19209e-07
PASS dtype=0 rows=3 width=1025 variant=2 max_abs=1.19209e-07
PASS dtype=1 rows=3 width=1025 variant=0 max_abs=0
PASS dtype=1 rows=3 width=1025 variant=1 max_abs=0
PASS dtype=1 rows=3 width=1025 variant=2 max_abs=0
PASS dtype=0 rows=3 width=4096 variant=0 max_abs=2.38419e-07
PASS dtype=0 rows=3 width=4096 variant=1 max_abs=2.38419e-07
PASS dtype=0 rows=3 width=4096 variant=2 max_abs=2.38419e-07
PASS dtype=1 rows=3 width=4096 variant=0 max_abs=0
PASS dtype=1 rows=3 width=4096 variant=1 max_abs=0
PASS dtype=1 rows=3 width=4096 variant=2 max_abs=0
PASS dtype=0 rows=3 width=4099 variant=0 max_abs=1.19209e-07
PASS dtype=0 rows=3 width=4099 variant=1 max_abs=1.19209e-07
PASS dtype=0 rows=3 width=4099 variant=2 max_abs=1.19209e-07
PASS dtype=1 rows=3 width=4099 variant=0 max_abs=0
PASS dtype=1 rows=3 width=4099 variant=1 max_abs=0
PASS dtype=1 rows=3 width=4099 variant=2 max_abs=0
PASS dtype=0 rows=3 width=8192 variant=0 max_abs=1.19209e-07
PASS dtype=0 rows=3 width=8192 variant=1 max_abs=1.19209e-07
PASS dtype=0 rows=3 width=8192 variant=2 max_abs=1.19209e-07
PASS dtype=1 rows=3 width=8192 variant=0 max_abs=0
PASS dtype=1 rows=3 width=8192 variant=1 max_abs=0
PASS dtype=1 rows=3 width=8192 variant=2 max_abs=0
PASS native_checks=102
========= ERROR SUMMARY: 0 errors
