==PROF== Connected to process 2204 (/content/native)
==PROF== Profiling "fused" - 0 (1/1): 0%....50%....100% - 9 passes
PASS dtype=0 rows=1024 width=4096 variant=0 max_abs=2.38419e-07
==PROF== Disconnected from process 2204
[2204] native@127.0.0.1
  void fused<float, 256>(const T1 *, const T1 *, const T1 *, T1 *, int, float) (1024, 1, 1)x(256, 1, 1), Context 1, Stream 7, Device 0, CC 7.5
    Section: GPU Speed Of Light Throughput
    ----------------------- ----------- ------------
    Metric Name             Metric Unit Metric Value
    ----------------------- ----------- ------------
    DRAM Frequency                  Ghz         4.89
    SM Frequency                    Mhz       584.95
    Elapsed Cycles                cycle      182,510
    Memory Throughput                 %        89.76
    DRAM Throughput                   %        89.76
    Duration                         us          312
    L1/TEX Cache Throughput           %        29.90
    L2 Cache Throughput               %        30.86
    SM Active Cycles              cycle   175,924.52
    Compute (SM) Throughput           %        24.01
    ----------------------- ----------- ------------

    INF   This workload is utilizing greater than 80.0% of the available compute or memory performance of the device.   
          To further improve performance, work will likely need to be shifted from the most utilized to another unit.   
          Start by analyzing DRAM in the Memory Workload Analysis section.                                              

    Section: Launch Statistics
    -------------------------------- --------------- ---------------
    Metric Name                          Metric Unit    Metric Value
    -------------------------------- --------------- ---------------
    Block Size                                                   256
    Function Cache Configuration                     CachePreferNone
    Grid Size                                                  1,024
    Registers Per Thread             register/thread              52
    Shared Memory Configuration Size           Kbyte           32.77
    Driver Shared Memory Per Block        byte/block               0
    Dynamic Shared Memory Per Block       byte/block               0
    Static Shared Memory Per Block        byte/block              36
    # SMs                                         SM              40
    Stack Size                                                 1,024
    Threads                                   thread         262,144
    # TPCs                                                        20
    Enabled TPC IDs                                              all
    Uses Green Context                                             0
    Waves Per SM                                                6.40
    -------------------------------- --------------- ---------------

    Section: Occupancy
    ------------------------------- ----------- ------------
    Metric Name                     Metric Unit Metric Value
    ------------------------------- ----------- ------------
    Block Limit SM                        block           16
    Block Limit Registers                 block            4
    Block Limit Shared Mem                block          128
    Block Limit Warps                     block            4
    Theoretical Active Warps per SM        warp           32
    Theoretical Occupancy                     %          100
    Achieved Occupancy                        %        96.75
    Achieved Active Warps Per SM           warp        30.96
    ------------------------------- ----------- ------------

    Section: GPU and Memory Workload Distribution
    -------------------------- ----------- ------------
    Metric Name                Metric Unit Metric Value
    -------------------------- ----------- ------------
    Average DRAM Active Cycles       cycle    1,369,351
    Total DRAM Elapsed Cycles        cycle   12,204,032
    Average L1 Active Cycles         cycle   175,924.52
    Total L1 Elapsed Cycles          cycle    7,157,760
    Average L2 Active Cycles         cycle   256,244.94
    Total L2 Elapsed Cycles          cycle    8,535,200
    Average SM Active Cycles         cycle   175,924.52
    Total SM Elapsed Cycles          cycle    7,157,760
    Average SMSP Active Cycles       cycle   175,143.16
    Total SMSP Elapsed Cycles        cycle   28,631,040
    -------------------------- ----------- ------------

